Release 14.6 - xst P.68d (lin64)
Copyright (c) 1995-2013 Xilinx, Inc.  All rights reserved.
--> 
Parameter TMPDIR set to xst/projnav.tmp


Total REAL time to Xst completion: 0.00 secs
Total CPU time to Xst completion: 0.04 secs
 
--> 
Parameter xsthdpdir set to xst


Total REAL time to Xst completion: 0.00 secs
Total CPU time to Xst completion: 0.04 secs
 
--> 
Reading design: dac_mkid_4x_interface.prj

TABLE OF CONTENTS
  1) Synthesis Options Summary
  2) HDL Parsing
  3) HDL Elaboration
  4) HDL Synthesis
       4.1) HDL Synthesis Report
  5) Advanced HDL Synthesis
       5.1) Advanced HDL Synthesis Report
  6) Low Level Synthesis
  7) Partition Report
  8) Design Summary
       8.1) Primitive and Black Box Usage
       8.2) Device utilization summary
       8.3) Partition Resource Summary
       8.4) Timing Report
            8.4.1) Clock Information
            8.4.2) Asynchronous Control Signals Information
            8.4.3) Timing Summary
            8.4.4) Timing Details
            8.4.5) Cross Clock Domains Report


=========================================================================
*                      Synthesis Options Summary                        *
=========================================================================
---- Source Parameters
Input File Name                    : "dac_mkid_4x_interface.prj"
Ignore Synthesis Constraint File   : NO

---- Target Parameters
Output File Name                   : "dac_mkid_4x_interface"
Output Format                      : NGC
Target Device                      : xc6vsx475t-1-ff1759

---- Source Options
Top Module Name                    : dac_mkid_4x_interface
Automatic FSM Extraction           : YES
FSM Encoding Algorithm             : Auto
Safe Implementation                : No
FSM Style                          : LUT
RAM Extraction                     : Yes
RAM Style                          : Auto
ROM Extraction                     : Yes
Shift Register Extraction          : YES
ROM Style                          : Auto
Resource Sharing                   : YES
Asynchronous To Synchronous        : NO
Shift Register Minimum Size        : 2
Use DSP Block                      : Auto
Automatic Register Balancing       : No

---- Target Options
LUT Combining                      : Auto
Reduce Control Sets                : Auto
Add IO Buffers                     : YES
Global Maximum Fanout              : 100000
Add Generic Clock Buffer(BUFG)     : 32
Register Duplication               : YES
Optimize Instantiated Primitives   : NO
Use Clock Enable                   : Auto
Use Synchronous Set                : Auto
Use Synchronous Reset              : Auto
Pack IO Registers into IOBs        : Auto
Equivalent register Removal        : YES

---- General Options
Optimization Goal                  : Speed
Optimization Effort                : 1
Power Reduction                    : NO
Keep Hierarchy                     : No
Netlist Hierarchy                  : As_Optimized
RTL Output                         : Yes
Global Optimization                : AllClockNets
Read Cores                         : YES
Write Timing Constraints           : NO
Cross Clock Analysis               : NO
Hierarchy Separator                : /
Bus Delimiter                      : <>
Case Specifier                     : Maintain
Slice Utilization Ratio            : 100
BRAM Utilization Ratio             : 100
DSP48 Utilization Ratio            : 100
Auto BRAM Packing                  : NO
Slice Utilization Ratio Delta      : 5

=========================================================================


=========================================================================
*                          HDL Parsing                                  *
=========================================================================
Analyzing Verilog file "/home/oxygen26/TMADDEN/xilinxProjects/mkiddac/mkiddac/dac_mkid_4x_interface.v" into library work
Parsing module <dac_mkid_4x_interface>.

=========================================================================
*                            HDL Elaboration                            *
=========================================================================
WARNING:HDLCompiler:1016 - "/home/oxygen26/TMADDEN/xilinxProjects/mkiddac/mkiddac/dac_mkid_4x_interface.v" Line 221: Port OCBEXTEND is not connected to this instance
WARNING:HDLCompiler:1016 - "/home/oxygen26/TMADDEN/xilinxProjects/mkiddac/mkiddac/dac_mkid_4x_interface.v" Line 290: Port OCBEXTEND is not connected to this instance
WARNING:HDLCompiler:1016 - "/home/oxygen26/TMADDEN/xilinxProjects/mkiddac/mkiddac/dac_mkid_4x_interface.v" Line 359: Port OCBEXTEND is not connected to this instance
WARNING:HDLCompiler:1016 - "/home/oxygen26/TMADDEN/xilinxProjects/mkiddac/mkiddac/dac_mkid_4x_interface.v" Line 410: Port OCBEXTEND is not connected to this instance

Elaborating module <dac_mkid_4x_interface>.

Elaborating module <OBUF(IOSTANDARD="DEFAULT")>.

Elaborating module <OBUFDS(IOSTANDARD="LVDS_25")>.

Elaborating module <OSERDESE1(DATA_RATE_OQ="DDR",DATA_RATE_TQ="BUF",DATA_WIDTH=4,DDR3_DATA=1,INIT_OQ=1'b0,INIT_TQ=1'b0,INTERFACE_TYPE="DEFAULT",ODELAY_USED=0,SERDES_MODE="MASTER",SRVAL_OQ=1'b0,SRVAL_TQ=1'b0,TRISTATE_WIDTH=1)>.

Elaborating module <IBUFGDS(IOSTANDARD="LVDS_25")>.

Elaborating module <BUFG>.

Elaborating module <MMCM_BASE(BANDWIDTH="OPTIMIZED",CLKFBOUT_MULT_F=8.0,CLKFBOUT_PHASE=0.0,CLKIN1_PERIOD=3.906,CLKOUT0_DIVIDE_F=16.0,CLKOUT0_DUTY_CYCLE=0.5,CLKOUT1_DUTY_CYCLE=0.5,CLKOUT2_DUTY_CYCLE=0.5,CLKOUT3_DUTY_CYCLE=0.5,CLKOUT4_DUTY_CYCLE=0.5,CLKOUT5_DUTY_CYCLE=0.5,CLKOUT6_DUTY_CYCLE=0.5,CLKOUT0_PHASE=0.0,CLKOUT1_PHASE=90.0,CLKOUT2_PHASE=180.0,CLKOUT3_PHASE=270.0,CLKOUT4_PHASE=0.0,CLKOUT5_PHASE=0.0,CLKOUT6_PHASE=0.0,CLKOUT1_DIVIDE=16,CLKOUT2_DIVIDE=16,CLKOUT3_DIVIDE=16,CLKOUT4_DIVIDE=8,CLKOUT5_DIVIDE=1,CLKOUT6_DIVIDE=1,CLKOUT4_CASCADE="FALSE",CLOCK_HOLD="FALSE",DIVCLK_DIVIDE=1,REF_JITTER1=0.0,STARTUP_WAIT="FALSE")>.

=========================================================================
*                           HDL Synthesis                               *
=========================================================================

Synthesizing Unit <dac_mkid_4x_interface>.
    Related source file is "/home/oxygen26/TMADDEN/xilinxProjects/mkiddac/mkiddac/dac_mkid_4x_interface.v".
        OUTPUT_CLK = 1
WARNING:Xst:647 - Input <fpga_clk> is never used. This port will be preserved and left unconnected if it belongs to a top-level block or it belongs to a sub-block and the hierarchy of this sub-block is preserved.
    Summary:
	no macro.
Unit <dac_mkid_4x_interface> synthesized.

=========================================================================
HDL Synthesis Report

Found no macro
=========================================================================

=========================================================================
*                       Advanced HDL Synthesis                          *
=========================================================================


=========================================================================
Advanced HDL Synthesis Report

Found no macro
=========================================================================

=========================================================================
*                         Low Level Synthesis                           *
=========================================================================
INFO:Xst:1901 - Instance MMCM_BASE_inst in unit dac_mkid_4x_interface of type MMCM_BASE has been replaced by MMCM_ADV

Optimizing unit <dac_mkid_4x_interface> ...

Mapping all equations...
Building and optimizing final netlist ...
Found area constraint ratio of 100 (+ 5) on block dac_mkid_4x_interface, actual ratio is 0.

Final Macro Processing ...

=========================================================================
Final Register Report

Found no macro
=========================================================================

=========================================================================
*                           Partition Report                            *
=========================================================================

Partition Implementation Status
-------------------------------

  No Partitions were found in this design.

-------------------------------

=========================================================================
*                            Design Summary                             *
=========================================================================

Top Level Output File Name         : dac_mkid_4x_interface.ngc

Primitive and Black Box Usage:
------------------------------
# BELS                             : 2
#      GND                         : 1
#      VCC                         : 1
# Clock Buffers                    : 6
#      BUFG                        : 6
# IO Buffers                       : 182
#      IBUF                        : 135
#      IBUFGDS                     : 1
#      OBUF                        : 10
#      OBUFDS                      : 36
# Others                           : 35
#      MMCM_ADV                    : 1
#      OSERDESE1                   : 34

Device utilization summary:
---------------------------

Selected Device : 6vsx475tff1759-1 


Slice Logic Utilization: 

Slice Logic Distribution: 
 Number of LUT Flip Flop pairs used:      0
   Number with an unused Flip Flop:       0  out of      0         
   Number with an unused LUT:             0  out of      0         
   Number of fully used LUT-FF pairs:     0  out of      0         
   Number of unique control sets:         0

IO Utilization: 
 Number of IOs:                         220
 Number of bonded IOBs:                 219  out of    840    26%  

Specific Feature Utilization:
 Number of BUFG/BUFGCTRLs:                6  out of     32    18%  

---------------------------
Partition Resource Summary:
---------------------------

  No Partitions were found in this design.

---------------------------


=========================================================================
Timing Report

NOTE: THESE TIMING NUMBERS ARE ONLY A SYNTHESIS ESTIMATE.
      FOR ACCURATE TIMING INFORMATION PLEASE REFER TO THE TRACE REPORT
      GENERATED AFTER PLACE-and-ROUTE.

Clock Information:
------------------
No clock signals found in this design

Asynchronous Control Signals Information:
----------------------------------------
No asynchronous control signals found in this design

Timing Summary:
---------------
Speed Grade: -1

   Minimum period: No path found
   Minimum input arrival time before clock: No path found
   Maximum output required time after clock: No path found
   Maximum combinational path delay: 0.405ns

Timing Details:
---------------
All values displayed in nanoseconds (ns)

=========================================================================
Timing constraint: Default path analysis
  Total number of paths / destination ports: 205 / 205
-------------------------------------------------------------------------
Delay:               0.405ns (Levels of Logic = 2)
  Source:            user_sync_i (PAD)
  Destination:       dac_sync_i_p (PAD)

  Data Path: user_sync_i to dac_sync_i_p
                                Gate     Net
    Cell:in->out      fanout   Delay   Delay  Logical Name (Net Name)
    ----------------------------------------  ------------
     IBUF:I->O             1   0.003   0.399  user_sync_i_IBUF (user_sync_i_IBUF)
     OBUFDS:I->O               0.003          OBUFDS_inst_dac_sync_i (dac_sync_i_p)
    ----------------------------------------
    Total                      0.405ns (0.006ns logic, 0.399ns route)
                                       (1.5% logic, 98.5% route)

=========================================================================

Cross Clock Domains Report:
--------------------------

=========================================================================


Total REAL time to Xst completion: 5.00 secs
Total CPU time to Xst completion: 4.77 secs
 
--> 


Total memory usage is 497868 kilobytes

Number of errors   :    0 (   0 filtered)
Number of warnings :    5 (   0 filtered)
Number of infos    :    1 (   0 filtered)

